src/app/api/content/route.ts(2,50): error TS2307: Cannot find module '@/lib/store' or its corresponding type declarations.
src/app/feed/page.tsx(4,29): error TS2307: Cannot find module '@/lib/store' or its corresponding type declarations.
src/app/feed/page.tsx(5,21): error TS2307: Cannot find module '@/components/Paywall' or its corresponding type declarations.
src/app/layout.tsx(4,20): error TS2307: Cannot find module '@/components/Navbar' or its corresponding type declarations.
src/app/upload/page.tsx(6,29): error TS2307: Cannot find module '@/lib/store' or its corresponding type declarations.
src/components/Paywall.tsx(4,29): error TS2307: Cannot find module '@/lib/store' or its corresponding type declarations.
src/components/Paywall.tsx(6,28): error TS2307: Cannot find module '@/lib/stellar' or its corresponding type declarations.
src/lib/stellar.ts(23,59): error TS2353: Object literal may only specify known properties, and 'network' does not exist in type '{ networkPassphrase?: string | undefined; address?: string | undefined; }'.
src/lib/stellar.ts(24,51): error TS2352: Conversion of type '{ signedTxXdr: string; signerAddress: string; } & { error?: any; }' to type 'string' may be a mistake because neither type sufficiently overlaps with the other. If this was intentional, convert the expression to 'unknown' first.
